------------------------------------------------------------
Timing Analyzer Summary
------------------------------------------------------------

Type  : Slow 1200mV 85C Model Setup 'CLK'
Slack : -3.060
TNS   : -18.472

Type  : Slow 1200mV 85C Model Setup 'divideByFiftyThousandCounter:inst4|inst25'
Slack : -1.111
TNS   : -10.362

Type  : Slow 1200mV 85C Model Hold 'CLK'
Slack : 0.401
TNS   : 0.000

Type  : Slow 1200mV 85C Model Hold 'divideByFiftyThousandCounter:inst4|inst25'
Slack : 0.409
TNS   : 0.000

Type  : Slow 1200mV 85C Model Recovery 'CLK'
Slack : -2.929
TNS   : -46.864

Type  : Slow 1200mV 85C Model Removal 'CLK'
Slack : 1.447
TNS   : 0.000

Type  : Slow 1200mV 85C Model Minimum Pulse Width 'CLK'
Slack : -3.000
TNS   : -23.560

Type  : Slow 1200mV 85C Model Minimum Pulse Width 'divideByFiftyThousandCounter:inst4|inst25'
Slack : -1.285
TNS   : -16.705

Type  : Slow 1200mV 0C Model Setup 'CLK'
Slack : -2.704
TNS   : -15.179

Type  : Slow 1200mV 0C Model Setup 'divideByFiftyThousandCounter:inst4|inst25'
Slack : -0.898
TNS   : -8.036

Type  : Slow 1200mV 0C Model Hold 'CLK'
Slack : 0.353
TNS   : 0.000

Type  : Slow 1200mV 0C Model Hold 'divideByFiftyThousandCounter:inst4|inst25'
Slack : 0.365
TNS   : 0.000

Type  : Slow 1200mV 0C Model Recovery 'CLK'
Slack : -2.610
TNS   : -41.738

Type  : Slow 1200mV 0C Model Removal 'CLK'
Slack : 1.417
TNS   : 0.000

Type  : Slow 1200mV 0C Model Minimum Pulse Width 'CLK'
Slack : -3.000
TNS   : -23.560

Type  : Slow 1200mV 0C Model Minimum Pulse Width 'divideByFiftyThousandCounter:inst4|inst25'
Slack : -1.285
TNS   : -16.705

Type  : Fast 1200mV 0C Model Setup 'CLK'
Slack : -1.010
TNS   : -2.710

Type  : Fast 1200mV 0C Model Setup 'divideByFiftyThousandCounter:inst4|inst25'
Slack : -0.030
TNS   : -0.056

Type  : Fast 1200mV 0C Model Hold 'CLK'
Slack : 0.180
TNS   : 0.000

Type  : Fast 1200mV 0C Model Hold 'divideByFiftyThousandCounter:inst4|inst25'
Slack : 0.189
TNS   : 0.000

Type  : Fast 1200mV 0C Model Recovery 'CLK'
Slack : -0.999
TNS   : -15.984

Type  : Fast 1200mV 0C Model Removal 'CLK'
Slack : 0.452
TNS   : 0.000

Type  : Fast 1200mV 0C Model Minimum Pulse Width 'CLK'
Slack : -3.000
TNS   : -19.960

Type  : Fast 1200mV 0C Model Minimum Pulse Width 'divideByFiftyThousandCounter:inst4|inst25'
Slack : -1.000
TNS   : -13.000

------------------------------------------------------------
